Testing Treble Tunes API...
\n1. Registering user...
 - Registration failed (might already exist)
\n2. Logging in...
 - Login failed.
<!DOCTYPE html> <html lang="en"> <head> <meta charset="utf-8"> <title>Error</title> </head> <body> <pre>Error: Unknown authentication strategy &quot;local&quot;<br> &nbsp; &nbsp;at attempt (/Users/mac/treble-tunes/server/node_modules/passport/lib/middleware/authenticate.js:193:39)<br> &nbsp; &nbsp;at authenticate (/Users/mac/treble-tunes/server/node_modules/passport/lib/middleware/authenticate.js:379:7)<br> &nbsp; &nbsp;at login (file:///Users/mac/treble-tunes/server/controllers/authController.js:51:7)<br> &nbsp; &nbsp;at Layer.handle [as handle_request] (/Users/mac/treble-tunes/server/node_modules/express/lib/router/layer.js:95:5)<br> &nbsp; &nbsp;at next (/Users/mac/treble-tunes/server/node_modules/express/lib/router/route.js:149:13)<br> &nbsp; &nbsp;at Route.dispatch (/Users/mac/treble-tunes/server/node_modules/express/lib/router/route.js:119:3)<br> &nbsp; &nbsp;at Layer.handle [as handle_request] (/Users/mac/treble-tunes/server/node_modules/express/lib/router/layer.js:95:5)<br> &nbsp; &nbsp;at /Users/mac/treble-tunes/server/node_modules/express/lib/router/index.js:284:15<br> &nbsp; &nbsp;at Function.process_params (/Users/mac/treble-tunes/server/node_modules/express/lib/router/index.js:346:12)<br> &nbsp; &nbsp;at next (/Users/mac/treble-tunes/server/node_modules/express/lib/router/index.js:280:10)</pre> </body> </html>
